// Jest Snapshot v1, https://goo.gl/fbAQLP

exports[`Pruebas en <TodoItem.js /> debe mostrarse correctamente 1`] = `ShallowWrapper {}`;
