// Jest Snapshot v1, https://goo.gl/fbAQLP

exports[`Pruebas en <TodoList /> debe mostrarse correctamente  1`] = `ShallowWrapper {}`;
